// Jest Snapshot v1, https://goo.gl/fbAQLP

exports[`MoveDataTable Component should match snapshot with complete data 1`] = `
<DocumentFragment>
  <div
    class="move-data mt-2 w-full"
  >
    <h3
      class="text-lg mb-4"
    >
      moves.moveData.title
    </h3>
    <table
      aria-label="Move data table"
      class="w-full"
    >
      <tbody>
        <tr>
          <th
            class="text-left"
          >
            pokedex.details.moves.type
          </th>
          <td
            class="py-1"
          >
            <img
              alt="electric"
              height="20"
              loading="lazy"
              src="https://raw.githubusercontent.com/PokeAPI/sprites/master/sprites/types/generation-viii/sword-shield/13.png"
              width="100"
            />
          </td>
        </tr>
        <tr>
          <th
            class="text-left"
          >
            pokedex.details.moves.class
          </th>
          <td
            class="py-1"
          >
            <span
              class="flex"
            >
              <div
                class="tooltip-container"
              >
                <div
                  class="tooltip-trigger"
                >
                  <img
                    alt="special"
                    height="35"
                    loading="lazy"
                    src="/move-special.png"
                    width="35"
                  />
                </div>
              </div>
            </span>
          </td>
        </tr>
        <tr>
          <th
            class="text-left"
          >
            pokedex.details.moves.power
          </th>
          <td
            class="py-1"
          >
            90
          </td>
        </tr>
        <tr>
          <th
            class="text-left"
          >
            pokedex.details.moves.accuracy
          </th>
          <td
            class="py-1"
          >
            100
          </td>
        </tr>
        <tr>
          <th
            class="text-left"
          >
            pokedex.details.moves.pp
          </th>
          <td
            class="py-1"
          >
            15
          </td>
        </tr>
      </tbody>
    </table>
  </div>
</DocumentFragment>
`;

exports[`MoveDataTable Component should match snapshot with null values 1`] = `
<DocumentFragment>
  <div
    class="move-data mt-2 w-full"
  >
    <h3
      class="text-lg mb-4"
    >
      moves.moveData.title
    </h3>
    <table
      aria-label="Move data table"
      class="w-full"
    >
      <tbody>
        <tr>
          <th
            class="text-left"
          >
            pokedex.details.moves.type
          </th>
          <td
            class="py-1"
          >
            <img
              alt="electric"
              height="20"
              loading="lazy"
              src="https://raw.githubusercontent.com/PokeAPI/sprites/master/sprites/types/generation-viii/sword-shield/13.png"
              width="100"
            />
          </td>
        </tr>
        <tr>
          <th
            class="text-left"
          >
            pokedex.details.moves.class
          </th>
          <td
            class="py-1"
          >
            <span
              class="flex"
            >
              <div
                class="tooltip-container"
              >
                <div
                  class="tooltip-trigger"
                >
                  <img
                    alt="special"
                    height="35"
                    loading="lazy"
                    src="/move-special.png"
                    width="35"
                  />
                </div>
              </div>
            </span>
          </td>
        </tr>
        <tr>
          <th
            class="text-left"
          >
            pokedex.details.moves.power
          </th>
          <td
            class="py-1"
          >
            -
          </td>
        </tr>
        <tr>
          <th
            class="text-left"
          >
            pokedex.details.moves.accuracy
          </th>
          <td
            class="py-1"
          >
            -
          </td>
        </tr>
        <tr>
          <th
            class="text-left"
          >
            pokedex.details.moves.pp
          </th>
          <td
            class="py-1"
          >
            -
          </td>
        </tr>
      </tbody>
    </table>
  </div>
</DocumentFragment>
`;
