// Jest Snapshot v1, https://goo.gl/fbAQLP

exports[`Nav Link Component should match snapshot 1`] = `
<DocumentFragment>
  <a
    class="
    flex
    px-2
    py-2
    text-sm
    rounded
    transition-colors
    hover:shadow-md
    hover:bg-(--pokedex-red-dark)
    active:bg-white
    active:text-(--pokedex-red-dark) bg-transparent "
    href="/en/pokedex/bulbasaur"
  >
    Bulbasaur
  </a>
</DocumentFragment>
`;
