// Jest Snapshot v1, https://goo.gl/fbAQLP

exports[`Footer should match snapshot with no valid description 1`] = `
<DocumentFragment>
  <div
    class="footer container w-full fixed bottom-0 flex justify-between border-solid border-t-2 border-(--pokedex-red-light) bg-(--pokedex-red) py-2 px-4"
  >
    <div
      class="flex items-center text-xs text-white"
    >
      <p>
        By 
        <a
          class="underline"
          href="https://github.com/paolocezar91/"
          target="_blank"
        >
          Paolo Pestalozzi
        </a>
         with 
        <a
          class="underline"
          href="https://pokeapi.co/"
          target="_blank"
        >
          PokeAPI
        </a>
         and 
        <a
          class="underline"
          href="http://nextjs.org/"
          target="_blank"
        >
          Next.js
        </a>
        .
      </p>
    </div>
    <div
      class="next flex-1 text-right"
    >
      <div
        class="tooltip-container"
      >
        <div
          class="tooltip-trigger"
        >
          <select
            class="border-solid border-2 border-black text-black bg-white py-2 rounded text-xs"
            data-testid="lang"
            id="lang"
          >
            <option
              value="en-US"
            >
              en-US
            </option>
            <option
              value="pt-BR"
            >
              pt-BR
            </option>
          </select>
        </div>
      </div>
    </div>
  </div>
</DocumentFragment>
`;
