// Jest Snapshot v1, https://goo.gl/fbAQLP

exports[`Footer should match snapshot with no valid description 1`] = `
<DocumentFragment>
  <div
    class="   footer   container   w-full   fixed   bottom-0   flex   justify-between   border-solid   border-t-2   border-(--pokedex-red-light)   bg-(--pokedex-red)   py-2   px-4   "
  >
    <div
      class="w-full flex items-center justify-between text-xs text-white"
    >
      <p>
        By 
        <a
          class="underline"
          href="https://github.com/paolocezar91/"
          target="_blank"
        >
          PPC
        </a>
         with 
        <a
          class="underline"
          href="https://pokeapi.co/"
          target="_blank"
        >
          PokeAPI
        </a>
         and 
        <a
          class="underline"
          href="http://nextjs.org/"
          target="_blank"
        >
          Next.js
        </a>
        .
      </p>
      <div
        class="text-xs text-white"
      >
        <div>
          v0.4.1
        </div>
      </div>
    </div>
  </div>
</DocumentFragment>
`;
